// Jest Snapshot v1, https://goo.gl/fbAQLP

exports[`ContactMe renders correctly 1`] = `
Object {
  "asFragment": [Function],
  "baseElement": <body>
    <div>
      <aside
        class="sc-AxirZ bfdHoz"
        id="contact"
      >
        <header
          class="sc-AxiKw ihVPJd"
        >
          <h1
            class="sc-AxjAm sc-AxhCb hqTGCv heading heading--h1"
          >
            Contact me
          </h1>
        </header>
        <div
          class="sc-AxhUy jSnPkM"
        >
          <div
            class="sc-AxgMl JpLPp"
          >
            <p>
              Take a sit. How can I help you?
            </p>
          </div>
          <div
            class="sc-AxgMl JpLPp"
          >
            Your name + Email
          </div>
          <div
            class="sc-AxgMl JpLPp"
          >
            Your message + Send your message
          </div>
        </div>
      </aside>
    </div>
  </body>,
  "container": <div>
    <aside
      class="sc-AxirZ bfdHoz"
      id="contact"
    >
      <header
        class="sc-AxiKw ihVPJd"
      >
        <h1
          class="sc-AxjAm sc-AxhCb hqTGCv heading heading--h1"
        >
          Contact me
        </h1>
      </header>
      <div
        class="sc-AxhUy jSnPkM"
      >
        <div
          class="sc-AxgMl JpLPp"
        >
          <p>
            Take a sit. How can I help you?
          </p>
        </div>
        <div
          class="sc-AxgMl JpLPp"
        >
          Your name + Email
        </div>
        <div
          class="sc-AxgMl JpLPp"
        >
          Your message + Send your message
        </div>
      </div>
    </aside>
  </div>,
  "debug": [Function],
  "findAllByAltText": [Function],
  "findAllByDisplayValue": [Function],
  "findAllByLabelText": [Function],
  "findAllByPlaceholderText": [Function],
  "findAllByRole": [Function],
  "findAllByTestId": [Function],
  "findAllByText": [Function],
  "findAllByTitle": [Function],
  "findByAltText": [Function],
  "findByDisplayValue": [Function],
  "findByLabelText": [Function],
  "findByPlaceholderText": [Function],
  "findByRole": [Function],
  "findByTestId": [Function],
  "findByText": [Function],
  "findByTitle": [Function],
  "getAllByAltText": [Function],
  "getAllByDisplayValue": [Function],
  "getAllByLabelText": [Function],
  "getAllByPlaceholderText": [Function],
  "getAllByRole": [Function],
  "getAllByTestId": [Function],
  "getAllByText": [Function],
  "getAllByTitle": [Function],
  "getByAltText": [Function],
  "getByDisplayValue": [Function],
  "getByLabelText": [Function],
  "getByPlaceholderText": [Function],
  "getByRole": [Function],
  "getByTestId": [Function],
  "getByText": [Function],
  "getByTitle": [Function],
  "queryAllByAltText": [Function],
  "queryAllByDisplayValue": [Function],
  "queryAllByLabelText": [Function],
  "queryAllByPlaceholderText": [Function],
  "queryAllByRole": [Function],
  "queryAllByTestId": [Function],
  "queryAllByText": [Function],
  "queryAllByTitle": [Function],
  "queryByAltText": [Function],
  "queryByDisplayValue": [Function],
  "queryByLabelText": [Function],
  "queryByPlaceholderText": [Function],
  "queryByRole": [Function],
  "queryByTestId": [Function],
  "queryByText": [Function],
  "queryByTitle": [Function],
  "rerender": [Function],
  "unmount": [Function],
}
`;
