// Jest Snapshot v1, https://goo.gl/fbAQLP

exports[`ArticleMini renders correctly 1`] = `
Object {
  "asFragment": [Function],
  "baseElement": <body>
    <div>
      <article
        class="sc-AxheI fclTfS"
      >
        <header
          class="sc-AxhUy hwJHpZ"
        >
          <figure>
            <img
              src="https://via.placeholder.com/500x200"
            />
          </figure>
          <h1 />
        </header>
        <div
          class="sc-AxgMl jrpZCm"
        />
        <a
          class="sc-AxjAm ioxigH sc-Axmtr kZovVo"
          href=""
        >
          <span
            class="srOnly"
          >
            Go to article
          </span>
        </a>
      </article>
    </div>
  </body>,
  "container": <div>
    <article
      class="sc-AxheI fclTfS"
    >
      <header
        class="sc-AxhUy hwJHpZ"
      >
        <figure>
          <img
            src="https://via.placeholder.com/500x200"
          />
        </figure>
        <h1 />
      </header>
      <div
        class="sc-AxgMl jrpZCm"
      />
      <a
        class="sc-AxjAm ioxigH sc-Axmtr kZovVo"
        href=""
      >
        <span
          class="srOnly"
        >
          Go to article
        </span>
      </a>
    </article>
  </div>,
  "debug": [Function],
  "findAllByAltText": [Function],
  "findAllByDisplayValue": [Function],
  "findAllByLabelText": [Function],
  "findAllByPlaceholderText": [Function],
  "findAllByRole": [Function],
  "findAllByTestId": [Function],
  "findAllByText": [Function],
  "findAllByTitle": [Function],
  "findByAltText": [Function],
  "findByDisplayValue": [Function],
  "findByLabelText": [Function],
  "findByPlaceholderText": [Function],
  "findByRole": [Function],
  "findByTestId": [Function],
  "findByText": [Function],
  "findByTitle": [Function],
  "getAllByAltText": [Function],
  "getAllByDisplayValue": [Function],
  "getAllByLabelText": [Function],
  "getAllByPlaceholderText": [Function],
  "getAllByRole": [Function],
  "getAllByTestId": [Function],
  "getAllByText": [Function],
  "getAllByTitle": [Function],
  "getByAltText": [Function],
  "getByDisplayValue": [Function],
  "getByLabelText": [Function],
  "getByPlaceholderText": [Function],
  "getByRole": [Function],
  "getByTestId": [Function],
  "getByText": [Function],
  "getByTitle": [Function],
  "queryAllByAltText": [Function],
  "queryAllByDisplayValue": [Function],
  "queryAllByLabelText": [Function],
  "queryAllByPlaceholderText": [Function],
  "queryAllByRole": [Function],
  "queryAllByTestId": [Function],
  "queryAllByText": [Function],
  "queryAllByTitle": [Function],
  "queryByAltText": [Function],
  "queryByDisplayValue": [Function],
  "queryByLabelText": [Function],
  "queryByPlaceholderText": [Function],
  "queryByRole": [Function],
  "queryByTestId": [Function],
  "queryByText": [Function],
  "queryByTitle": [Function],
  "rerender": [Function],
  "unmount": [Function],
}
`;
